// Jest Snapshot v1, https://goo.gl/fbAQLP

exports[`GreenTag Снапшот 1`] = `
<div>
  <div
    class="tag"
  >
    tag
  </div>
</div>
`;
