// Jest Snapshot v1, https://goo.gl/fbAQLP

exports[`FilterRange Снапшот 1`] = `
<div>
  <div
    class="container"
  >
    <h2
      class="title"
    >
      Price
    </h2>
    <div
      class="rc-slider rc-slider-horizontal"
      style="display: flex; align-items: center; max-width: 246px; margin: 0px 10px;"
    >
      <div
        class="rc-slider-rail"
        style="background-color: rgb(235, 235, 235); border-radius: 12px; height: 6px; width: 266px; left: -10px;"
      />
      <div
        class="rc-slider-track rc-slider-track-1"
        style="left: 30%; width: 50%; background-color: rgb(106, 152, 60); height: 6px;"
      />
      <div
        class="rc-slider-step"
      />
      <div
        aria-disabled="false"
        aria-valuemax="100"
        aria-valuemin="0"
        aria-valuenow="30"
        class="rc-slider-handle rc-slider-handle-1"
        role="slider"
        style="left: 30%; transform: translateX(-50%); background-color: rgb(255, 255, 255); height: 20px; width: 20px; opacity: 1; border: 1px solid #d1d1d1; margin-top: 0px; box-shadow: 0px 2px 4px rgba(0, 0, 0, 0.15);"
        tabindex="0"
      />
      <div
        aria-disabled="false"
        aria-valuemax="100"
        aria-valuemin="0"
        aria-valuenow="80"
        class="rc-slider-handle rc-slider-handle-2"
        role="slider"
        style="left: 80%; transform: translateX(-50%); background-color: rgb(255, 255, 255); height: 20px; width: 20px; opacity: 1; border: 1px solid #d1d1d1; margin-top: 0px; box-shadow: 0px 2px 4px rgba(0, 0, 0, 0.15);"
        tabindex="0"
      />
    </div>
    <div
      class="inputs"
    >
      <div
        class="label"
      >
        <label>
          <h4
            class="title"
          >
            min
          </h4>
          <input
            class="input"
            maxlength="3"
            type="text"
            value="30"
          />
        </label>
      </div>
      <span
        class="line"
      >
        -
      </span>
      <div
        class="label"
      >
        <label>
          <h4
            class="title"
          >
            max
          </h4>
          <input
            class="input"
            maxlength="3"
            type="text"
            value="80"
          />
        </label>
      </div>
    </div>
  </div>
</div>
`;
